---
source: tests/it/fossa_cli.rs
assertion_line: 96
expression: err
info: /var/folders/ml/cn5v5hqd4p1bd7m8q_bm9qpm0000gn/T/.tmpFS8CPr
---
run FOSSA CLI: {data root}/fossa
args: ["analyze", "--debug", "--output", "--static-only-analysis", {file path}]
env: ["PATH=<REMOVED>"]
status: 1
stdout: ''
stderr: '[DEBUG] Loading configuration file from "{config path}"
[DEBUG] An issue occurred

  *** Relevant Errors ***

      [0;91mError: [0mDirectory does not exist: {directory}
      [0;92mContext: [0mCannot collect revision data without a valid base directory
      Traceback:
        - Validating configuration
      [0;91mError: [0mDirectory does not exist: {directory}
        - Validating configuration

[ERROR] An issue occurred

  *** Relevant Errors ***

      [0;91mError: [0mDirectory does not exist: {directory}
      [0;92mContext: [0mCannot collect revision data without a valid base directory

      [0;91mError: [0mDirectory does not exist: {directory}
╰╴at {source location}
