---
source: tests/it/fossa_cli.rs
expression: err
info: /var/folders/q7/3nvvpy0d6js28m8lypw3tcx80000gn/T/.tmpUxvSC9
---
run FOSSA CLI: {data root}/fossa
args: ["analyze", "--debug", "--output", {file path}]
env: ["PATH=<REMOVED>"]
status: 1
stdout: ''
stderr: '[DEBUG] Loading configuration file from "{config path}"
[ERROR] ----------
  An issue occurred

  >>> Details

    Cannot collect revision data without a valid base directory

  >>> Relevant errors

    Error

      Directory does not exist: {directory}

      Traceback:
        - Validating configuration

    Error

      Directory does not exist: {directory}

      Traceback:
        - Validating configuration'
╰╴at {source location}
