---
source: tests/it/debug.rs
expression: err
info: testdata/config/basic-location-invalid.yml
---
failed to create tracing output location
├╴at {source location}
├╴help: this location is set in the config file
├╴context: debug info is configured to be stored in "/some/place/that/does/not/exist/trace"
│
╰─▶ Read-only file system (os error 30)
    ╰╴at {source location}
