---
source: tests/it/config.rs
expression: err
info: testdata/config/basic-retention-invalid.yml
---
load config file
├╴at /Users/jessica/projects/broker/{source location}
│
├─▶ parse config file in v1 format
│   ╰╴at /Users/jessica/projects/broker/{source location}
│
├─▶ validate parsed config file values
│   ╰╴at {source location}
│
╰─▶ retention value is too small
    ├╴at {source location}
    ├╴help: must specify at least '1'
    ├╴context: provided value: 0
    ╰╴context: validate 'retention.days'
