---
source: tests/it/debug.rs
expression: "ArtifactMaxSize::try_from(input).expect_err(\"must have failed validation\")"
info: 100
---
validate retention size
├╴at {source location}
├╴help: must be at least 1000 bytes
├╴context: provided value: 100
│
╰─▶ retention value is too small
    ╰╴at {source location}
